// Jest Snapshot v1, https://goo.gl/fbAQLP

exports[`SupplicateSupplicateQuoterV2 quotes #quoteExactInput 0 -> 2 -> 1 multi-hop 1`] = `149007`;

exports[`SupplicateSupplicateQuoterV2 quotes #quoteExactInput 0 -> 2 crosses some ticks 1`] = `71367`;

exports[`SupplicateSupplicateQuoterV2 quotes #quoteExactInput 0 -> 2 where after-tick is initialized (no double-count) 1`] = `71367`;

exports[`SupplicateSupplicateQuoterV2 quotes #quoteExactInput 2 -> 0 crosses some ticks (reverse path) 1`] = `71319`;

exports[`SupplicateSupplicateQuoterV2 quotes #quoteExactInputSingle 0 -> 2 1`] = `71368`;

exports[`SupplicateSupplicateQuoterV2 quotes #quoteExactInputSingle 2 -> 0 1`] = `71310`;

exports[`SupplicateSupplicateQuoterV2 quotes #quoteExactOutput 0 -> 2 -> 1 two hops 1`] = `149019`;

exports[`SupplicateSupplicateQuoterV2 quotes #quoteExactOutput 0 -> 2 crosses some ticks 1`] = `70836`;

exports[`SupplicateSupplicateQuoterV2 quotes #quoteExactOutput 0 -> 2 with initialized after-tick counted 1`] = `70836`;

exports[`SupplicateSupplicateQuoterV2 quotes #quoteExactOutput 2 -> 0 multi cases 1`] = `72464`;

exports[`SupplicateSupplicateQuoterV2 quotes #quoteExactOutput 2 -> 0 multi cases 2`] = `72464`;

exports[`SupplicateSupplicateQuoterV2 quotes #quoteExactOutput 2 -> 1 single hop 1`] = `78187`;

exports[`SupplicateSupplicateQuoterV2 quotes #quoteExactOutputSingle 1 -> 0 1`] = `78797`;
