// Jest Snapshot v1, https://goo.gl/fbAQLP

exports[`SupplicateRouter gas tests #exactInput 0 -> 1 -> 2 1`] = `167934`;

exports[`SupplicateRouter gas tests #exactInput 0 -> 1 1`] = `105530`;

exports[`SupplicateRouter gas tests #exactInput 0 -> 1 minimal 1`] = `95583`;

exports[`SupplicateRouter gas tests #exactInput 0 -> WETH9 1`] = `125323`;

exports[`SupplicateRouter gas tests #exactInput 2 trades (via router) 1`] = `184207`;

exports[`SupplicateRouter gas tests #exactInput 3 trades (directly to sender) 1`] = `248823`;

exports[`SupplicateRouter gas tests #exactInput WETH9 -> 0 1`] = `103611`;

exports[`SupplicateRouter gas tests #exactInputSingle 0 -> 1 1`] = `104984`;

exports[`SupplicateRouter gas tests #exactInputSingle 0 -> WETH9 1`] = `124771`;

exports[`SupplicateRouter gas tests #exactInputSingle WETH9 -> 0 1`] = `103065`;

exports[`SupplicateRouter gas tests #exactOutput 0 -> 1 -> 2 1`] = `164457`;

exports[`SupplicateRouter gas tests #exactOutput 0 -> 1 1`] = `109440`;

exports[`SupplicateRouter gas tests #exactOutput 0 -> WETH9 1`] = `126535`;

exports[`SupplicateRouter gas tests #exactOutput WETH9 -> 0 1`] = `117152`;

exports[`SupplicateRouter gas tests #exactOutputSingle 0 -> 1 1`] = `109632`;

exports[`SupplicateRouter gas tests #exactOutputSingle 0 -> WETH9 1`] = `126727`;

exports[`SupplicateRouter gas tests #exactOutputSingle WETH9 -> 0 1`] = `111855`;

exports[`SupplicateRouter gas tests 3 trades (directly to sender) 1`] = `174634`;
