// Jest Snapshot v1, https://goo.gl/fbAQLP

exports[`SupplicateRouter gas tests #exactInput 0 -> 1 -> 2 1`] = `167958`;

exports[`SupplicateRouter gas tests #exactInput 0 -> 1 1`] = `105542`;

exports[`SupplicateRouter gas tests #exactInput 0 -> 1 minimal 1`] = `95593`;

exports[`SupplicateRouter gas tests #exactInput 0 -> WETH9 1`] = `125335`;

exports[`SupplicateRouter gas tests #exactInput 2 trades (via router) 1`] = `184223`;

exports[`SupplicateRouter gas tests #exactInput 3 trades (directly to sender) 1`] = `248855`;

exports[`SupplicateRouter gas tests #exactInput WETH9 -> 0 1`] = `103619`;

exports[`SupplicateRouter gas tests #exactInputSingle 0 -> 1 1`] = `104996`;

exports[`SupplicateRouter gas tests #exactInputSingle 0 -> WETH9 1`] = `124783`;

exports[`SupplicateRouter gas tests #exactInputSingle WETH9 -> 0 1`] = `103073`;

exports[`SupplicateRouter gas tests #exactOutput 0 -> 1 -> 2 1`] = `164473`;

exports[`SupplicateRouter gas tests #exactOutput 0 -> 1 1`] = `109448`;

exports[`SupplicateRouter gas tests #exactOutput 0 -> WETH9 1`] = `126543`;

exports[`SupplicateRouter gas tests #exactOutput WETH9 -> 0 1`] = `117164`;

exports[`SupplicateRouter gas tests #exactOutputSingle 0 -> 1 1`] = `109640`;

exports[`SupplicateRouter gas tests #exactOutputSingle 0 -> WETH9 1`] = `126735`;

exports[`SupplicateRouter gas tests #exactOutputSingle WETH9 -> 0 1`] = `111867`;

exports[`SupplicateRouter gas tests 3 trades (directly to sender) 1`] = `174650`;
